
Memory Configuration

Name             Origin             Length             Attributes
RAM              0x20000000         0x00005000         xrw
FLASH            0x08000000         0x00010000         xr
*default*        0x00000000         0xffffffff

Linker script and memory map

LOAD ./Debug/main.o
LOAD ./Debug/exti.o
LOAD ./Debug/mygpio.o
LOAD ./Debug/rcc.o
LOAD ./Debug/startup_stm32f103xb.o
                0x20005000                _estack = (ORIGIN (RAM) + LENGTH (RAM))
                0x00000200                _Min_Heap_Size = 0x200
                0x00000400                _Min_Stack_Size = 0x400

.isr_vector     0x08000000       0xec
                0x08000000                . = ALIGN (0x4)
 *(.isr_vector)
 .isr_vector    0x08000000       0xec ./Debug/startup_stm32f103xb.o
                0x08000000                _vectors
                0x080000ec                . = ALIGN (0x4)

.text           0x080000ec      0xbb0
                0x080000ec                . = ALIGN (0x4)
 *(.text)
 .text          0x080000ec       0xec ./Debug/main.o
                0x080000ec                SystemInit
                0x080000f8                _init
                0x08000104                main
                0x080001a8                EXTI0_IRQHandler
 .text          0x080001d8      0x460 ./Debug/exti.o
                0x0800041a                EXTI_Config
                0x080005c0                EXTI_ClearIT
                0x08000614                EXTI_SetIT
 .text          0x08000638      0x280 ./Debug/mygpio.o
                0x08000638                GPIO_Led_Config
                0x08000670                GPIO_Init
                0x080007c4                GPIO_ReadPin
                0x080007f2                GPIO_WritePin
                0x0800083a                GPIO_TogglePin
                0x08000862                GPIO_Led_Write
                0x0800089c                GPIO_Led_Toggle
 .text          0x080008b8      0x39c ./Debug/rcc.o
                0x08000a08                RCC_HSE_Config
                0x08000b08                RCC_HSI_Config
                0x08000b94                RCC_SYSTICK_Config
                0x08000c08                RCC_msGetTicks
                0x08000c1c                RCC_msDelay
                0x08000c46                SysTick_Handler
 .text          0x08000c54        0x0 ./Debug/startup_stm32f103xb.o
 *(.text*)
 .text.Reset_Handler
                0x08000c54       0x40 ./Debug/startup_stm32f103xb.o
                0x08000c54                Reset_Handler
 .text.Default_Handler
                0x08000c94        0x6 ./Debug/startup_stm32f103xb.o
                0x08000c94                Default_Handler
                0x08000c96                TIM1_CC_IRQHandler
                0x08000c96                HardFault_Handler
                0x08000c96                PVD_IRQHandler
                0x08000c96                NMI_Handler
                0x08000c96                EXTI3_IRQHandler
                0x08000c96                USB_HP_CAN_TX_IRQHandler
                0x08000c96                I2C2_EV_IRQHandler
                0x08000c96                ADC1_2_IRQHandler
                0x08000c96                SPI1_IRQHandler
                0x08000c96                CAN_SCE_IRQHandler
                0x08000c96                TAMPER_IRQHandler
                0x08000c96                DMA1_Channel4_IRQHandler
                0x08000c96                USART3_IRQHandler
                0x08000c96                RTC_IRQHandler
                0x08000c96                DMA1_Channel7_IRQHandler
                0x08000c96                TIM4_IRQHandler
                0x08000c96                CAN_RX1_IRQHandler
                0x08000c96                I2C1_EV_IRQHandler
                0x08000c96                DMA1_Channel6_IRQHandler
                0x08000c96                TIM3_IRQHandler
                0x08000c96                RCC_IRQHandler
                0x08000c96                TIM1_TRG_COM_IRQHandler
                0x08000c96                DMA1_Channel1_IRQHandler
                0x08000c96                EXTI2_IRQHandler
                0x08000c96                EXTI15_10_IRQHandler
                0x08000c96                EXTI9_5_IRQHandler
                0x08000c96                SPI2_IRQHandler
                0x08000c96                USB_LP_CAN_RX0_IRQHandler
                0x08000c96                DMA1_Channel5_IRQHandler
                0x08000c96                EXTI4_IRQHandler
                0x08000c96                DMA1_Channel3_IRQHandler
                0x08000c96                TIM1_UP_IRQHandler
                0x08000c96                WWDG_IRQHandler
                0x08000c96                TIM2_IRQHandler
                0x08000c96                TIM1_BRK_IRQHandler
                0x08000c96                EXTI1_IRQHandler
                0x08000c96                RTCAlarm_IRQHandler
                0x08000c96                USART2_IRQHandler
                0x08000c96                I2C2_ER_IRQHandler
                0x08000c96                DMA1_Channel2_IRQHandler
                0x08000c96                FLASH_IRQHandler
                0x08000c96                USART1_IRQHandler
                0x08000c96                I2C1_ER_IRQHandler
                0x08000c96                USBWakeUp_IRQHandler
 *(.glue_7)
 .glue_7        0x08000c9a        0x0 linker stubs
 *(.glue_7t)
 .glue_7t       0x08000c9a        0x0 linker stubs
 *(.eh_frame)
 *(.init)
 *(.fini)
                0x08000c9c                . = ALIGN (0x4)
 *fill*         0x08000c9a        0x2 
                0x08000c9c                _etext = .

.vfp11_veneer   0x08000c9c        0x0
 .vfp11_veneer  0x08000c9c        0x0 linker stubs

.v4_bx          0x08000c9c        0x0
 .v4_bx         0x08000c9c        0x0 linker stubs

.iplt           0x08000c9c        0x0
 .iplt          0x08000c9c        0x0 ./Debug/main.o

.rel.dyn        0x08000c9c        0x0
 .rel.iplt      0x08000c9c        0x0 ./Debug/main.o

.rodata         0x08000c9c        0x0
                0x08000c9c                . = ALIGN (0x4)
 *(.rodata)
 *(.rodata*)
                0x08000c9c                . = ALIGN (0x4)

.ARM.extab      0x08000c9c        0x0
                0x08000c9c                . = ALIGN (0x4)
 *(.ARM.extab* .gnu.linkonce.armextab.*)
                0x08000c9c                . = ALIGN (0x4)

.ARM            0x08000c9c        0x0
                0x08000c9c                . = ALIGN (0x4)
                0x08000c9c                __exidx_start = .
 *(.ARM.exidx*)
                0x08000c9c                __exidx_end = .
                0x08000c9c                . = ALIGN (0x4)

.preinit_array  0x08000c9c        0x0
                0x08000c9c                . = ALIGN (0x4)
                [!provide]                PROVIDE (__preinit_array_start = .)
 *(.preinit_array*)
                [!provide]                PROVIDE (__preinit_array_end = .)
                0x08000c9c                . = ALIGN (0x4)

.init_array     0x08000c9c        0x0
                0x08000c9c                . = ALIGN (0x4)
                [!provide]                PROVIDE (__init_array_start = .)
 *(SORT_BY_NAME(.init_array.*))
 *(.init_array*)
                [!provide]                PROVIDE (__init_array_end = .)
                0x08000c9c                . = ALIGN (0x4)

.fini_array     0x08000c9c        0x0
                0x08000c9c                . = ALIGN (0x4)
                [!provide]                PROVIDE (__fini_array_start = .)
 *(SORT_BY_NAME(.fini_array.*))
 *(.fini_array*)
                [!provide]                PROVIDE (__fini_array_end = .)
                0x08000c9c                . = ALIGN (0x4)
                0x08000c9c                _sidata = LOADADDR (.data)

.data           0x20000000        0x0 load address 0x08000c9c
                0x20000000                . = ALIGN (0x4)
                0x20000000                _sdata = .
 *(.data)
 .data          0x20000000        0x0 ./Debug/main.o
 .data          0x20000000        0x0 ./Debug/exti.o
 .data          0x20000000        0x0 ./Debug/mygpio.o
 .data          0x20000000        0x0 ./Debug/rcc.o
 .data          0x20000000        0x0 ./Debug/startup_stm32f103xb.o
 *(.data*)
 *(.RamFunc)
 *(.RamFunc*)
                0x20000000                . = ALIGN (0x4)
                0x20000000                _edata = .

.igot.plt       0x20000000        0x0 load address 0x08000c9c
 .igot.plt      0x20000000        0x0 ./Debug/main.o
                0x20000000                . = ALIGN (0x4)

.bss            0x20000000        0x8 load address 0x08000c9c
                0x20000000                _sbss = .
                0x20000000                __bss_start__ = _sbss
 *(.bss)
 .bss           0x20000000        0x2 ./Debug/main.o
                0x20000000                extiflag
                0x20000001                state
 .bss           0x20000002        0x0 ./Debug/exti.o
 .bss           0x20000002        0x0 ./Debug/mygpio.o
 *fill*         0x20000002        0x2 
 .bss           0x20000004        0x4 ./Debug/rcc.o
 .bss           0x20000008        0x0 ./Debug/startup_stm32f103xb.o
 *(.bss*)
 *(COMMON)
                0x20000008                . = ALIGN (0x4)
                0x20000008                _ebss = .
                0x20000008                __bss_end__ = _ebss

._user_heap_stack
                0x20000008      0x600 load address 0x08000c9c
                0x20000008                . = ALIGN (0x8)
                [!provide]                PROVIDE (end = .)
                [!provide]                PROVIDE (_end = .)
                0x20000208                . = (. + _Min_Heap_Size)
 *fill*         0x20000008      0x200 
                0x20000608                . = (. + _Min_Stack_Size)
 *fill*         0x20000208      0x400 
                0x20000608                . = ALIGN (0x8)

/DISCARD/
 libc.a(*)
 libm.a(*)
 libgcc.a(*)

.ARM.attributes
                0x00000000       0x2b
 *(.ARM.attributes)
 .ARM.attributes
                0x00000000       0x2d ./Debug/main.o
 .ARM.attributes
                0x0000002d       0x2d ./Debug/exti.o
 .ARM.attributes
                0x0000005a       0x2d ./Debug/mygpio.o
 .ARM.attributes
                0x00000087       0x2d ./Debug/rcc.o
 .ARM.attributes
                0x000000b4       0x21 ./Debug/startup_stm32f103xb.o
OUTPUT(Debug/blinkled.elf elf32-littlearm)
LOAD linker stubs
LOAD c:/gnu_toolchain/gcc_new/bin/../lib/gcc/arm-none-eabi/10.3.1/../../../../arm-none-eabi/lib\libc.a
LOAD c:/gnu_toolchain/gcc_new/bin/../lib/gcc/arm-none-eabi/10.3.1/../../../../arm-none-eabi/lib\libm.a
LOAD c:/gnu_toolchain/gcc_new/bin/../lib/gcc/arm-none-eabi/10.3.1\libgcc.a

.comment        0x00000000       0x49
 .comment       0x00000000       0x49 ./Debug/main.o
                                 0x4a (size before relaxing)
 .comment       0x00000049       0x4a ./Debug/exti.o
 .comment       0x00000049       0x4a ./Debug/mygpio.o
 .comment       0x00000049       0x4a ./Debug/rcc.o
