###############################################################################
#
# IAR ELF Linker V9.60.4.438/W64 for ARM                  12/May/2025  13:30:58
# Copyright 2007-2025 IAR Systems AB.
#
#    Output file  =
#        G:\Librares\Embedded_C99\Microcontroller\stm32f10x\test_lib\stm32f103c8t6\Debug\Exe\test.out
#    Map file     =
#        G:\Librares\Embedded_C99\Microcontroller\stm32f10x\test_lib\stm32f103c8t6\Debug\List\test.map
#    Command line =
#        -f
#        G:\Librares\Embedded_C99\Microcontroller\stm32f10x\test_lib\stm32f103c8t6\Debug\Exe\test.out.rsp
#        (G:\Librares\Embedded_C99\Microcontroller\stm32f10x\test_lib\stm32f103c8t6\Debug\Obj\Driver_11730756078600869996.dir\gpio.o
#        G:\Librares\Embedded_C99\Microcontroller\stm32f10x\test_lib\stm32f103c8t6\Debug\Obj\Application_4454359601498626787.dir\led.o
#        G:\Librares\Embedded_C99\Microcontroller\stm32f10x\test_lib\stm32f103c8t6\Debug\Obj\Application_4454359601498626787.dir\main.o
#        G:\Librares\Embedded_C99\Microcontroller\stm32f10x\test_lib\stm32f103c8t6\Debug\Obj\Driver_11730756078600869996.dir\rcc.o
#        --no_out_extension -o
#        G:\Librares\Embedded_C99\Microcontroller\stm32f10x\test_lib\stm32f103c8t6\Debug\Exe\test.out
#        --map
#        G:\Librares\Embedded_C99\Microcontroller\stm32f10x\test_lib\stm32f103c8t6\Debug\List\test.map
#        --config D:\IAR\arm/config/linker/ST/stm32f103x8.icf --semihosting
#        --entry __iar_program_start --vfe --text_out locale --cpu=Cortex-M3
#        --fpu=None) --dependencies=n
#        G:\Librares\Embedded_C99\Microcontroller\stm32f10x\test_lib\stm32f103c8t6\Debug\Exe\test.out.iar_deps
#
###############################################################################

*******************************************************************************
*** RUNTIME MODEL ATTRIBUTES
***

CppFlavor       = *
__CPP_Runtime   = 1
__SystemLibrary = DLib
__dlib_version  = 6


*******************************************************************************
*** HEAP SELECTION
***

The basic heap was selected because --advanced_heap
was not specified and the application did not appear to
be primarily optimized for speed.


*******************************************************************************
*** PLACEMENT SUMMARY
***

"A0":  place at address 0x800'0000 { ro section .intvec };
"P1":  place in [from 0x800'0000 to 0x800'ffff] { ro };
define block CSTACK with size = 2K, alignment = 8 { };
define block HEAP with size = 2K, alignment = 8 { };
"P2":  place in [from 0x2000'0000 to 0x2000'4fff] {
          rw, block CSTACK, block HEAP };

No sections matched the following patterns:

  rw  in "P2"


  Section   Kind         Address  Alignment   Size  Object
  -------   ----         -------  ---------   ----  ------
"A0":                                         0x40
  .intvec   ro code   0x800'0000          4   0x40  vector_table_M.o [4]
                    - 0x800'0040              0x40

"P1":                                         0xb0
  .text     ro code   0x800'0040          4   0x4c  main.o [1]
  .text     ro code   0x800'008c          4   0x1e  cmain.o [4]
  .text     ro code   0x800'00aa          2    0x4  low_level_init.o [3]
  .text     ro code   0x800'00ae          2    0x4  exit.o [3]
  .text     ro code   0x800'00b2          2    0x2  vectortrap_M.o [4]
  .text     ro code   0x800'00b4          4    0xa  cexit.o [4]
  .text     ro code   0x800'00c0          4   0x14  exit.o [5]
  .text     ro code   0x800'00d4          4   0x1c  cstartup_M.o [4]
                    - 0x800'00f0              0xb0

"P2":                                        0x800
  CSTACK             0x2000'0000          8  0x800  <Block>
    CSTACK  uninit   0x2000'0000             0x800  <Block tail>
                   - 0x2000'0800             0x800

Absolute sections, part 1 of 6:               0x1c
  .noinit   uninit   0x4001'0800              0x1c  gpio.o [2]
                   - 0x4001'081c              0x1c

Absolute sections, part 2 of 6:               0x1c
  .noinit   uninit   0x4001'0c00              0x1c  gpio.o [2]
                   - 0x4001'0c1c              0x1c

Absolute sections, part 3 of 6:               0x1c
  .noinit   uninit   0x4001'1000              0x1c  gpio.o [2]
                   - 0x4001'101c              0x1c

Absolute sections, part 4 of 6:               0x1c
  .noinit   uninit   0x4001'1400              0x1c  gpio.o [2]
                   - 0x4001'141c              0x1c

Absolute sections, part 5 of 6:               0x1c
  .noinit   uninit   0x4001'1800              0x1c  gpio.o [2]
                   - 0x4001'181c              0x1c

Absolute sections, part 6 of 6:               0x30
  .noinit   uninit   0x4002'1000              0x30  gpio.o [2]
                   - 0x4002'1030              0x30

Unused ranges:

         From           To    Size
         ----           --    ----
   0x800'00f0   0x800'ffff  0xff10
  0x2000'0800  0x2000'4fff  0x4800



*******************************************************************************
*** MODULE SUMMARY
***

    Module            ro code  rw data  rw data
                                         (abs)
    ------            -------  -------  -------
command line/config:
    -------------------------------------------
    Total:

G:\Librares\Embedded_C99\Microcontroller\stm32f10x\test_lib\stm32f103c8t6\Debug\Obj\Application_4454359601498626787.dir: [1]
    main.o                 76
    -------------------------------------------
    Total:                 76

G:\Librares\Embedded_C99\Microcontroller\stm32f10x\test_lib\stm32f103c8t6\Debug\Obj\Driver_11730756078600869996.dir: [2]
    gpio.o                                  188
    -------------------------------------------
    Total:                                  188

dl7M_tln.a: [3]
    exit.o                  4
    low_level_init.o        4
    -------------------------------------------
    Total:                  8

rt7M_tl.a: [4]
    cexit.o                10
    cmain.o                30
    cstartup_M.o           28
    vector_table_M.o       64
    vectortrap_M.o          2
    -------------------------------------------
    Total:                134

shb_l.a: [5]
    exit.o                 20
    -------------------------------------------
    Total:                 20

    Gaps                    2
    Linker created               2'048
-----------------------------------------------
    Grand Total:          240    2'048      188


*******************************************************************************
*** ENTRY LIST
***

Entry                     Address  Size  Type      Object
-----                     -------  ----  ----      ------
?main                  0x800'008d        Code  Gb  cmain.o [4]
BusFault_Handler       0x800'00b3        Code  Wk  vectortrap_M.o [4]
CSTACK$$Base          0x2000'0000         --   Gb  - Linker created -
CSTACK$$Limit         0x2000'0800         --   Gb  - Linker created -
DebugMon_Handler       0x800'00b3        Code  Wk  vectortrap_M.o [4]
GPIOA                 0x4001'0800  0x1c  Data  Wk  gpio.o [2]
GPIOB                 0x4001'0c00  0x1c  Data  Wk  gpio.o [2]
GPIOC                 0x4001'1000  0x1c  Data  Wk  gpio.o [2]
GPIOD                 0x4001'1400  0x1c  Data  Wk  gpio.o [2]
GPIOE                 0x4001'1800  0x1c  Data  Wk  gpio.o [2]
HardFault_Handler      0x800'00b3        Code  Wk  vectortrap_M.o [4]
MemManage_Handler      0x800'00b3        Code  Wk  vectortrap_M.o [4]
NMI_Handler            0x800'00b3        Code  Wk  vectortrap_M.o [4]
PendSV_Handler         0x800'00b3        Code  Wk  vectortrap_M.o [4]
RCC                   0x4002'1000  0x30  Data  Wk  gpio.o [2]
Region$$Table$$Base           0x0         --   Gb  - Linker created -
Region$$Table$$Limit          0x0         --   Gb  - Linker created -
SVC_Handler            0x800'00b3        Code  Wk  vectortrap_M.o [4]
SysTick_Handler        0x800'00b3        Code  Wk  vectortrap_M.o [4]
UsageFault_Handler     0x800'00b3        Code  Wk  vectortrap_M.o [4]
__cmain                0x800'008d        Code  Gb  cmain.o [4]
__exit                 0x800'00c1  0x14  Code  Gb  exit.o [5]
__iar_program_start    0x800'00d5        Code  Gb  cstartup_M.o [4]
__low_level_init       0x800'00ab   0x4  Code  Gb  low_level_init.o [3]
__vector_table         0x800'0000        Data  Gb  vector_table_M.o [4]
_call_main             0x800'0099        Code  Gb  cmain.o [4]
_exit                  0x800'00b5        Code  Gb  cexit.o [4]
exit                   0x800'00af   0x4  Code  Gb  exit.o [3]
main                   0x800'0041  0x4c  Code  Gb  main.o [1]


[1] = G:\Librares\Embedded_C99\Microcontroller\stm32f10x\test_lib\stm32f103c8t6\Debug\Obj\Application_4454359601498626787.dir
[2] = G:\Librares\Embedded_C99\Microcontroller\stm32f10x\test_lib\stm32f103c8t6\Debug\Obj\Driver_11730756078600869996.dir
[3] = dl7M_tln.a
[4] = rt7M_tl.a
[5] = shb_l.a

    240 bytes of readonly  code memory
  2'048 bytes of readwrite data memory (+ 188 absolute)

Errors: none
Warnings: none
